[backblue.gif]
[fade.gif]
[index.html]
[mediaserver.morriscloud.local_8081/js/site6a3e.js]
[mediaserver.morriscloud.local_8081/index.html]
[mediaserver.morriscloud.local_8081/css/sitefde3.css]
[mediaserver.morriscloud.local_8081/leaderboard.html]
[mediaserver.morriscloud.local_8081/roster.html]
[mediaserver.morriscloud.local_8081/meets.html]
[mediaserver.morriscloud.local_8081/leaderboard/boys-100m.html]
[mediaserver.morriscloud.local_8081/roster/michael-williams.html]
[mediaserver.morriscloud.local_8081/leaderboard/boys-200m.html]
[mediaserver.morriscloud.local_8081/roster/zack-munchick.html]
[mediaserver.morriscloud.local_8081/leaderboard/boys-400m.html]
[mediaserver.morriscloud.local_8081/roster/frank-stepp.html]
[mediaserver.morriscloud.local_8081/leaderboard/boys-800m.html]
[mediaserver.morriscloud.local_8081/roster/nick-bailey.html]
[mediaserver.morriscloud.local_8081/leaderboard/boys-1600m.html]
[mediaserver.morriscloud.local_8081/roster/max-gucker.html]
[mediaserver.morriscloud.local_8081/leaderboard/boys-3200m.html]
[mediaserver.morriscloud.local_8081/leaderboard/boys-110m-hurdles.html]
[mediaserver.morriscloud.local_8081/roster/deante-taylor.html]
[mediaserver.morriscloud.local_8081/leaderboard/boys-300m-hurdles.html]
[mediaserver.morriscloud.local_8081/roster/austin-ebaugh.html]
[mediaserver.morriscloud.local_8081/leaderboard/boys-4x100m-relay.html]
[mediaserver.morriscloud.local_8081/roster/blake-wilson.html]
[mediaserver.morriscloud.local_8081/roster/john-manzuk.html]
[mediaserver.morriscloud.local_8081/leaderboard/boys-4x200m-relay.html]
[mediaserver.morriscloud.local_8081/roster/luke-yuravak.html]
[mediaserver.morriscloud.local_8081/leaderboard/boys-4x400m-relay.html]
[mediaserver.morriscloud.local_8081/roster/brycen-holliday.html]
[mediaserver.morriscloud.local_8081/leaderboard/boys-4x800m-relay.html]
[mediaserver.morriscloud.local_8081/roster/alex-derhammer.html]
[mediaserver.morriscloud.local_8081/leaderboard/boys-high-jump.html]
[mediaserver.morriscloud.local_8081/roster/jacob-nau.html]
[mediaserver.morriscloud.local_8081/leaderboard/boys-long-jump.html]
[mediaserver.morriscloud.local_8081/leaderboard/boys-pole-vault.html]
[mediaserver.morriscloud.local_8081/roster/nate-brown.html]
[mediaserver.morriscloud.local_8081/leaderboard/boys-shot-put.html]
[mediaserver.morriscloud.local_8081/roster/nate-clingan.html]
[mediaserver.morriscloud.local_8081/leaderboard/boys-discus.html]
[mediaserver.morriscloud.local_8081/leaderboard/girls-100m.html]
[mediaserver.morriscloud.local_8081/roster/nyah-hansen.html]
[mediaserver.morriscloud.local_8081/leaderboard/girls-200m.html]
[mediaserver.morriscloud.local_8081/roster/emily-romano.html]
[mediaserver.morriscloud.local_8081/leaderboard/girls-400m.html]
[mediaserver.morriscloud.local_8081/roster/erian-hamilton.html]
[mediaserver.morriscloud.local_8081/leaderboard/girls-800m.html]
[mediaserver.morriscloud.local_8081/roster/tommie-kurtz.html]
[mediaserver.morriscloud.local_8081/leaderboard/girls-1600m.html]
[mediaserver.morriscloud.local_8081/roster/riley-freeland.html]
[mediaserver.morriscloud.local_8081/leaderboard/girls-3200m.html]
[mediaserver.morriscloud.local_8081/roster/vanessa-rivera.html]
[mediaserver.morriscloud.local_8081/leaderboard/girls-100m-hurdles.html]
[mediaserver.morriscloud.local_8081/roster/zana-ross.html]
[mediaserver.morriscloud.local_8081/leaderboard/girls-300m-hurdles.html]
[mediaserver.morriscloud.local_8081/leaderboard/girls-4x100m-relay.html]
[mediaserver.morriscloud.local_8081/roster/paige-munchick.html]
[mediaserver.morriscloud.local_8081/roster/maddie-boltz.html]
[mediaserver.morriscloud.local_8081/leaderboard/girls-4x200m-relay.html]
[mediaserver.morriscloud.local_8081/roster/sara-keener.html]
[mediaserver.morriscloud.local_8081/roster/lauren-frank.html]
[mediaserver.morriscloud.local_8081/leaderboard/girls-4x400m-relay.html]
[mediaserver.morriscloud.local_8081/roster/jenna-oliver.html]
[mediaserver.morriscloud.local_8081/leaderboard/girls-4x800m-relay.html]
[mediaserver.morriscloud.local_8081/leaderboard/girls-high-jump.html]
[mediaserver.morriscloud.local_8081/roster/vickie-andrews.html]
[mediaserver.morriscloud.local_8081/leaderboard/girls-long-jump.html]
[mediaserver.morriscloud.local_8081/leaderboard/girls-pole-vault.html]
[mediaserver.morriscloud.local_8081/roster/maddie-grey.html]
[mediaserver.morriscloud.local_8081/leaderboard/girls-shot-put.html]
[mediaserver.morriscloud.local_8081/roster/katelyn-young.html]
[mediaserver.morriscloud.local_8081/leaderboard/girls-discus.html]
[mediaserver.morriscloud.local_8081/leaderboard/girls-seated-100m.html]
[mediaserver.morriscloud.local_8081/roster/brooklynn-crist.html]
[mediaserver.morriscloud.local_8081/leaderboard/girls-seated-400m.html]
[mediaserver.morriscloud.local_8081/leaderboard/girls-seated-800m.html]
[mediaserver.morriscloud.local_8081/leaderboard/girls-seated-shot-put.html]
[mediaserver.morriscloud.local_8081/roster/andrew-hibler.html]
[mediaserver.morriscloud.local_8081/roster/arabella-polen.html]
[mediaserver.morriscloud.local_8081/roster/arasaylie-byczek.html]
[mediaserver.morriscloud.local_8081/roster/ashley-kizzen.html]
[mediaserver.morriscloud.local_8081/roster/ashley-sigmon.html]
[mediaserver.morriscloud.local_8081/roster/ben-kott.html]
[mediaserver.morriscloud.local_8081/roster/brett-gucker.html]
[mediaserver.morriscloud.local_8081/roster/bridgette-donahue.html]
[mediaserver.morriscloud.local_8081/roster/brie-king.html]
[mediaserver.morriscloud.local_8081/roster/cade-cass.html]
[mediaserver.morriscloud.local_8081/roster/cassidy-smith.html]
[mediaserver.morriscloud.local_8081/roster/cole-gibson.html]
[mediaserver.morriscloud.local_8081/roster/cole-yagersz.html]
[mediaserver.morriscloud.local_8081/roster/cydnei-miller.html]
[mediaserver.morriscloud.local_8081/roster/dana-thur.html]
[mediaserver.morriscloud.local_8081/roster/elanna-lear.html]
[mediaserver.morriscloud.local_8081/roster/emilio-rivera.html]
[mediaserver.morriscloud.local_8081/roster/grant-swain.html]
[mediaserver.morriscloud.local_8081/roster/juliet-pintos.html]
[mediaserver.morriscloud.local_8081/roster/kala-perry.html]
[mediaserver.morriscloud.local_8081/roster/kevin-bittaker.html]
[mediaserver.morriscloud.local_8081/roster/liberty-ridenour.html]
[mediaserver.morriscloud.local_8081/roster/luke-malena.html]
[mediaserver.morriscloud.local_8081/roster/makaela-salyer.html]
[mediaserver.morriscloud.local_8081/roster/maria-porras.html]
[mediaserver.morriscloud.local_8081/roster/natalie-bailey.html]
[mediaserver.morriscloud.local_8081/roster/natasha-messmore.html]
[mediaserver.morriscloud.local_8081/roster/nolan-freeland.html]
[mediaserver.morriscloud.local_8081/roster/patrick-mcconnell.html]
[mediaserver.morriscloud.local_8081/roster/raven-piatt.html]
[mediaserver.morriscloud.local_8081/roster/ray-farnham.html]
[mediaserver.morriscloud.local_8081/roster/sophia-spencer.html]
[mediaserver.morriscloud.local_8081/roster/steve-manbeck.html]
[mediaserver.morriscloud.local_8081/roster/tommy-sword.html]
[mediaserver.morriscloud.local_8081/roster/zach-greer.html]
[mediaserver.morriscloud.local_8081/roster/bryce-betts.html]
[mediaserver.morriscloud.local_8081/roster/corina-cass.html]
[mediaserver.morriscloud.local_8081/roster/eli-haynes.html]
[mediaserver.morriscloud.local_8081/roster/ethan-sterling.html]
[mediaserver.morriscloud.local_8081/roster/jake-arnold.html]
[mediaserver.morriscloud.local_8081/roster/joey-kurtz.html]
[mediaserver.morriscloud.local_8081/roster/logan-stewart.html]
[mediaserver.morriscloud.local_8081/roster/megan-vanmeter.html]
[mediaserver.morriscloud.local_8081/roster/olivia-wells.html]
[mediaserver.morriscloud.local_8081/roster/sara-naples.html]
[mediaserver.morriscloud.local_8081/roster/sarasa-sivapatham.html]
[mediaserver.morriscloud.local_8081/roster/thomas-lormeau.html]
[mediaserver.morriscloud.local_8081/roster/alayna-richmond.html]
[mediaserver.morriscloud.local_8081/roster/asa-gynn.html]
[mediaserver.morriscloud.local_8081/roster/bailey-freeland.html]
[mediaserver.morriscloud.local_8081/roster/ben-daniels.html]
[mediaserver.morriscloud.local_8081/roster/cameron-mcneal.html]
[mediaserver.morriscloud.local_8081/roster/daniel-sommers.html]
[mediaserver.morriscloud.local_8081/roster/emma-nagel.html]
[mediaserver.morriscloud.local_8081/roster/jake-kemp.html]
[mediaserver.morriscloud.local_8081/roster/kirsten-wilson.html]
[mediaserver.morriscloud.local_8081/roster/kyle-chudzinski.html]
[mediaserver.morriscloud.local_8081/roster/kyra-combs.html]
[mediaserver.morriscloud.local_8081/roster/lexi-licursi.html]
[mediaserver.morriscloud.local_8081/roster/maddie-marshall.html]
[mediaserver.morriscloud.local_8081/roster/matt-grissom.html]
[mediaserver.morriscloud.local_8081/roster/meagan-scheck.html]
[mediaserver.morriscloud.local_8081/roster/nick-ziegler.html]
[mediaserver.morriscloud.local_8081/roster/robert-rivera.html]
[mediaserver.morriscloud.local_8081/roster/abby-andrews.html]
[mediaserver.morriscloud.local_8081/roster/adam-oren.html]
[mediaserver.morriscloud.local_8081/roster/brianna-gallagher.html]
[mediaserver.morriscloud.local_8081/roster/dillon-west.html]
[mediaserver.morriscloud.local_8081/roster/estevan-ortega.html]
[mediaserver.morriscloud.local_8081/roster/julia-webb.html]
[mediaserver.morriscloud.local_8081/roster/katelyn-malena.html]
[mediaserver.morriscloud.local_8081/roster/lisa-wangler.html]
[mediaserver.morriscloud.local_8081/roster/matt-stoner.html]
[mediaserver.morriscloud.local_8081/roster/ryan-curtis.html]
[mediaserver.morriscloud.local_8081/roster/taylor-napholz.html]
[mediaserver.morriscloud.local_8081/roster/tristan-vaughan.html]
[mediaserver.morriscloud.local_8081/roster/chase-combs.html]
[mediaserver.morriscloud.local_8081/roster/dakota-bukszar.html]
[mediaserver.morriscloud.local_8081/roster/dylan-craig.html]
[mediaserver.morriscloud.local_8081/roster/faith-theobald.html]
[mediaserver.morriscloud.local_8081/roster/jacob-scheck.html]
[mediaserver.morriscloud.local_8081/roster/jimmy-fazio.html]
[mediaserver.morriscloud.local_8081/roster/matt-butt.html]
[mediaserver.morriscloud.local_8081/roster/rick-patton.html]
[mediaserver.morriscloud.local_8081/roster/anna-winnicki.html]
[mediaserver.morriscloud.local_8081/roster/austin-greer.html]
[mediaserver.morriscloud.local_8081/roster/corey-jenkin.html]
[mediaserver.morriscloud.local_8081/roster/jimmy-harmon.html]
[mediaserver.morriscloud.local_8081/roster/joe-nespeca.html]
[mediaserver.morriscloud.local_8081/roster/michael-martin.html]
[mediaserver.morriscloud.local_8081/roster/zoe-riddile.html]
[mediaserver.morriscloud.local_8081/meets/2019-nikki-reynolds-invitational-%40-wooster.html]
[mediaserver.morriscloud.local_8081/meets/2019-ptc-track-championships.html]
[mediaserver.morriscloud.local_8081/meets/2019-division-ii-district-track-meet-(orrville).html]
[mediaserver.morriscloud.local_8081/meets/2019-division-ii-regional-track-meet-(lexington).html]
[mediaserver.morriscloud.local_8081/meets/2019-ohsaa-division-ii-state-track-and-field-championships.html]
[mediaserver.morriscloud.local_8081/meets/2019-ohsaa-seated-division-state-track-and-field-championships.html]
[mediaserver.morriscloud.local_8081/meets/2018-division-ii-regional-track-meet-(lexington).html]
[mediaserver.morriscloud.local_8081/meets/2018-ohsaa-division-ii-state-track-and-field-championships.html]
[mediaserver.morriscloud.local_8081/meets/2018-ohsaa-seated-division-state-track-and-field-championships.html]
[mediaserver.morriscloud.local_8081/meets/2017-division-ii-regional-track-meet-(lexington).html]
[mediaserver.morriscloud.local_8081/meets/2017-ohsaa-division-ii-state-track-and-field-championships.html]
[mediaserver.morriscloud.local_8081/meets/2016-division-ii-district-track-meet-(orrville).html]
[mediaserver.morriscloud.local_8081/meets/2016-division-ii-regional-track-meet-(lexington).html]
[mediaserver.morriscloud.local_8081/meets/2016-ohsaa-division-ii-state-track-and-field-championships.html]
