[backblue.gif]
[fade.gif]
[index.html]
[localhost_5001/index.html]
[localhost_5001/css/siteb026.css]
[localhost_5001/js/sited20d.js]
[localhost_5001/leaderboard.html]
[localhost_5001/roster.html]
[localhost_5001/meets.html]
[localhost_5001/leaderboard/boys-100m.html]
[localhost_5001/roster/michael-williams.html]
[localhost_5001/leaderboard/boys-200m.html]
[localhost_5001/roster/blake-wilson.html]
[localhost_5001/leaderboard/boys-400m.html]
[localhost_5001/roster/frank-stepp.html]
[localhost_5001/leaderboard/boys-800m.html]
[localhost_5001/roster/nick-bailey.html]
[localhost_5001/leaderboard/boys-1600m.html]
[localhost_5001/roster/max-gucker.html]
[localhost_5001/leaderboard/boys-3200m.html]
[localhost_5001/leaderboard/boys-110m-hurdles.html]
[localhost_5001/roster/deante-taylor.html]
[localhost_5001/leaderboard/boys-300m-hurdles.html]
[localhost_5001/roster/austin-ebaugh.html]
[localhost_5001/leaderboard/boys-4x100m-relay.html]
[localhost_5001/roster/john-manzuk.html]
[localhost_5001/leaderboard/boys-4x200m-relay.html]
[localhost_5001/roster/luke-yuravak.html]
[localhost_5001/leaderboard/boys-4x400m-relay.html]
[localhost_5001/roster/brycen-holliday.html]
[localhost_5001/leaderboard/boys-4x800m-relay.html]
[localhost_5001/roster/alex-derhammer.html]
[localhost_5001/leaderboard/boys-high-jump.html]
[localhost_5001/roster/jacob-nau.html]
[localhost_5001/leaderboard/boys-long-jump.html]
[localhost_5001/leaderboard/boys-pole-vault.html]
[localhost_5001/roster/nate-brown.html]
[localhost_5001/leaderboard/boys-shot-put.html]
[localhost_5001/roster/ethan-sterling.html]
[localhost_5001/leaderboard/boys-discus.html]
[localhost_5001/leaderboard/girls-100m.html]
[localhost_5001/roster/nyah-hansen.html]
[localhost_5001/leaderboard/girls-200m.html]
[localhost_5001/roster/emily-romano.html]
[localhost_5001/leaderboard/girls-400m.html]
[localhost_5001/roster/dana-thur.html]
[localhost_5001/leaderboard/girls-800m.html]
[localhost_5001/roster/tommie-kurtz.html]
[localhost_5001/leaderboard/girls-1600m.html]
[localhost_5001/roster/riley-freeland.html]
[localhost_5001/leaderboard/girls-3200m.html]
[localhost_5001/roster/vanessa-rivera.html]
[localhost_5001/leaderboard/girls-100m-hurdles.html]
[localhost_5001/roster/paige-munchick.html]
[localhost_5001/leaderboard/girls-300m-hurdles.html]
[localhost_5001/roster/zana-ross.html]
[localhost_5001/leaderboard/girls-4x100m-relay.html]
[localhost_5001/roster/maddie-boltz.html]
[localhost_5001/leaderboard/girls-4x200m-relay.html]
[localhost_5001/roster/ashley-kizzen.html]
[localhost_5001/leaderboard/girls-4x400m-relay.html]
[localhost_5001/roster/erian-hamilton.html]
[localhost_5001/roster/jenna-oliver.html]
[localhost_5001/roster/lauren-frank.html]
[localhost_5001/leaderboard/girls-4x800m-relay.html]
[localhost_5001/leaderboard/girls-high-jump.html]
[localhost_5001/roster/ashley-sigmon.html]
[localhost_5001/leaderboard/girls-long-jump.html]
[localhost_5001/leaderboard/girls-pole-vault.html]
[localhost_5001/roster/cassidy-smith.html]
[localhost_5001/leaderboard/girls-shot-put.html]
[localhost_5001/roster/katelyn-young.html]
[localhost_5001/leaderboard/girls-discus.html]
[localhost_5001/leaderboard/girls-seated-100m.html]
[localhost_5001/roster/brooklynn-crist.html]
[localhost_5001/leaderboard/girls-seated-400m.html]
[localhost_5001/leaderboard/girls-seated-800m.html]
[localhost_5001/leaderboard/girls-seated-shot-put.html]
[localhost_5001/roster/andrew-hibler.html]
[localhost_5001/roster/arabella-polen.html]
[localhost_5001/roster/arasaylie-byczek.html]
[localhost_5001/roster/ben-kott.html]
[localhost_5001/roster/brett-gucker.html]
[localhost_5001/roster/bridgette-donahue.html]
[localhost_5001/roster/brie-king.html]
[localhost_5001/roster/cade-cass.html]
[localhost_5001/roster/cole-gibson.html]
[localhost_5001/roster/cole-yagersz.html]
[localhost_5001/roster/cydnei-miller.html]
[localhost_5001/roster/elanna-lear.html]
[localhost_5001/roster/emilio-rivera.html]
[localhost_5001/roster/grant-swain.html]
[localhost_5001/roster/kala-perry.html]
[localhost_5001/roster/kevin-bittaker.html]
[localhost_5001/roster/liberty-ridenour.html]
[localhost_5001/roster/luke-malena.html]
[localhost_5001/roster/makaela-salyer.html]
[localhost_5001/roster/maria-porras.html]
[localhost_5001/roster/natalie-bailey.html]
[localhost_5001/roster/natasha-messmore.html]
[localhost_5001/roster/nolan-freeland.html]
[localhost_5001/roster/patrick-mcconnell.html]
[localhost_5001/roster/raven-piatt.html]
[localhost_5001/roster/ray-farnham.html]
[localhost_5001/roster/sophia-spencer.html]
[localhost_5001/roster/steve-manbeck.html]
[localhost_5001/roster/tommy-sword.html]
[localhost_5001/roster/zach-greer.html]
[localhost_5001/roster/bryce-betts.html]
[localhost_5001/roster/corina-cass.html]
[localhost_5001/roster/jake-arnold.html]
[localhost_5001/roster/joey-kurtz.html]
[localhost_5001/roster/megan-vanmeter.html]
[localhost_5001/roster/olivia-wells.html]
[localhost_5001/roster/thomas-lormeau.html]
[localhost_5001/roster/asa-gynn.html]
[localhost_5001/roster/bailey-freeland.html]
[localhost_5001/roster/ben-daniels.html]
[localhost_5001/roster/cameron-mcneal.html]
[localhost_5001/roster/daniel-sommers.html]
[localhost_5001/roster/emma-nagel.html]
[localhost_5001/roster/jake-kemp.html]
[localhost_5001/roster/kyle-chudzinski.html]
[localhost_5001/roster/maddie-marshall.html]
[localhost_5001/roster/meagan-scheck.html]
[localhost_5001/roster/nick-ziegler.html]
[localhost_5001/meets/2019-nikki-reynolds-invitational-%40-wooster.html]
[localhost_5001/meets/2019-ptc-track-championships.html]
[localhost_5001/meets/2019-division-ii-district-track-meet-(orrville).html]
[localhost_5001/meets/2019-division-ii-regional-track-meet-(lexington).html]
[localhost_5001/meets/2019-ohsaa-division-ii-state-track-and-field-championships.html]
[localhost_5001/meets/2019-ohsaa-seated-division-state-track-and-field-championships.html]
[localhost_5001/meets/2018-ohsaa-division-ii-state-track-and-field-championships.html]
[localhost_5001/meets/2018-ohsaa-seated-division-state-track-and-field-championships.html]
[localhost_5001/meets/2017-ohsaa-division-ii-state-track-and-field-championships.html]
[localhost_5001/meets/2016-ohsaa-division-ii-state-track-and-field-championships.html]
